#Packing pin usage report
Type: IOB
	Input Pin Usage:
		Max: 1.00 (0.50)
		Avg: 0.77 (0.38)
		Min: 0.00 (0.00)
		Histogram:
		[        0:      0.2) 19 (23.2%) |**************
		[      0.2:      0.4)  0 ( 0.0%) |
		[      0.4:      0.6)  0 ( 0.0%) |
		[      0.6:      0.8)  0 ( 0.0%) |
		[      0.8:        1) 63 (76.8%) |************************************************
		[        1:      1.2)  0 ( 0.0%) |
		[      1.2:      1.4)  0 ( 0.0%) |
		[      1.4:      1.6)  0 ( 0.0%) |
		[      1.6:      1.8)  0 ( 0.0%) |
		[      1.8:        2)  0 ( 0.0%) |
	Output Pin Usage:
		Max: 1.00 (1.00)
		Avg: 0.23 (0.23)
		Min: 0.00 (0.00)
		Histogram:
		[        0:      0.1) 63 (76.8%) |************************************************
		[      0.1:      0.2)  0 ( 0.0%) |
		[      0.2:      0.3)  0 ( 0.0%) |
		[      0.3:      0.4)  0 ( 0.0%) |
		[      0.4:      0.5)  0 ( 0.0%) |
		[      0.5:      0.6)  0 ( 0.0%) |
		[      0.6:      0.7)  0 ( 0.0%) |
		[      0.7:      0.8)  0 ( 0.0%) |
		[      0.8:      0.9)  0 ( 0.0%) |
		[      0.9:        1) 19 (23.2%) |**************

Type: BLK-TL-CLBL
	Input Pin Usage:
		Max: 59.00 (0.82)
		Avg: 34.30 (0.48)
		Min: 1.00 (0.01)
		Histogram:
		[        0:      7.2) 203 (16.0%) |********************************
		[      7.2:       14)  51 ( 4.0%) |********
		[       14:       22)  30 ( 2.4%) |*****
		[       22:       29)  64 ( 5.0%) |**********
		[       29:       36) 186 (14.7%) |*****************************
		[       36:       43) 281 (22.1%) |********************************************
		[       43:       50) 302 (23.8%) |***********************************************
		[       50:       58) 150 (11.8%) |***********************
		[       58:       65)   2 ( 0.2%) |
		[       65:       72)   0 ( 0.0%) |
	Output Pin Usage:
		Max: 25.00 (0.96)
		Avg: 11.73 (0.45)
		Min: 1.00 (0.04)
		Histogram:
		[        0:      2.6) 204 (16.1%) |*************************
		[      2.6:      5.2)  17 ( 1.3%) |**
		[      5.2:      7.8)   9 ( 0.7%) |*
		[      7.8:       10) 120 ( 9.5%) |***************
		[       10:       13) 376 (29.6%) |***********************************************
		[       13:       16) 252 (19.9%) |********************************
		[       16:       18) 225 (17.7%) |****************************
		[       18:       21)  26 ( 2.0%) |***
		[       21:       23)  26 ( 2.0%) |***
		[       23:       26)  14 ( 1.1%) |**

Type: DSP_slicel
	Input Pin Usage:
		Max: 202.00 (0.33)
		Avg: 199.18 (0.32)
		Min: 19.00 (0.03)
		Histogram:
		[        0:       62)  1 ( 1.5%) |*
		[       62:  1.2e+02)  0 ( 0.0%) |
		[  1.2e+02:  1.8e+02)  0 ( 0.0%) |
		[  1.8e+02:  2.5e+02) 64 (98.5%) |************************************************
		[  2.5e+02:  3.1e+02)  0 ( 0.0%) |
		[  3.1e+02:  3.7e+02)  0 ( 0.0%) |
		[  3.7e+02:  4.3e+02)  0 ( 0.0%) |
		[  4.3e+02:  4.9e+02)  0 ( 0.0%) |
		[  4.9e+02:  5.5e+02)  0 ( 0.0%) |
		[  5.5e+02:  6.2e+02)  0 ( 0.0%) |
	Output Pin Usage:
		Max: 16.00 (0.05)
		Avg: 16.00 (0.05)
		Min: 16.00 (0.05)
		Histogram:
		[        0:       35) 65 (100.0%) |************************************************
		[       35:       70)  0 ( 0.0%) |
		[       70:    1e+02)  0 ( 0.0%) |
		[    1e+02:  1.4e+02)  0 ( 0.0%) |
		[  1.4e+02:  1.8e+02)  0 ( 0.0%) |
		[  1.8e+02:  2.1e+02)  0 ( 0.0%) |
		[  2.1e+02:  2.4e+02)  0 ( 0.0%) |
		[  2.4e+02:  2.8e+02)  0 ( 0.0%) |
		[  2.8e+02:  3.2e+02)  0 ( 0.0%) |
		[  3.2e+02:  3.5e+02)  0 ( 0.0%) |

Type: RAM
	Input Pin Usage:
		Max: 64.00 (0.14)
		Avg: 56.18 (0.12)
		Min: 28.00 (0.06)
		Histogram:
		[        0:       47)   2 ( 0.7%) |
		[       47:       95) 268 (99.3%) |***********************************************
		[       95:  1.4e+02)   0 ( 0.0%) |
		[  1.4e+02:  1.9e+02)   0 ( 0.0%) |
		[  1.9e+02:  2.4e+02)   0 ( 0.0%) |
		[  2.4e+02:  2.8e+02)   0 ( 0.0%) |
		[  2.8e+02:  3.3e+02)   0 ( 0.0%) |
		[  3.3e+02:  3.8e+02)   0 ( 0.0%) |
		[  3.8e+02:  4.3e+02)   0 ( 0.0%) |
		[  4.3e+02:  4.7e+02)   0 ( 0.0%) |
	Output Pin Usage:
		Max: 16.00 (0.05)
		Avg: 15.56 (0.05)
		Min: 8.00 (0.03)
		Histogram:
		[        0:       31) 270 (100.0%) |***********************************************
		[       31:       62)   0 ( 0.0%) |
		[       62:       93)   0 ( 0.0%) |
		[       93:  1.2e+02)   0 ( 0.0%) |
		[  1.2e+02:  1.5e+02)   0 ( 0.0%) |
		[  1.5e+02:  1.9e+02)   0 ( 0.0%) |
		[  1.9e+02:  2.2e+02)   0 ( 0.0%) |
		[  2.2e+02:  2.5e+02)   0 ( 0.0%) |
		[  2.5e+02:  2.8e+02)   0 ( 0.0%) |
		[  2.8e+02:  3.1e+02)   0 ( 0.0%) |

