#Packing pin usage report
Type: IOB
	Input Pin Usage:
		Max: 1.00 (0.50)
		Avg: 0.77 (0.38)
		Min: 0.00 (0.00)
		Histogram:
		[        0:      0.2) 19 (23.2%) |**************
		[      0.2:      0.4)  0 ( 0.0%) |
		[      0.4:      0.6)  0 ( 0.0%) |
		[      0.6:      0.8)  0 ( 0.0%) |
		[      0.8:        1) 63 (76.8%) |************************************************
		[        1:      1.2)  0 ( 0.0%) |
		[      1.2:      1.4)  0 ( 0.0%) |
		[      1.4:      1.6)  0 ( 0.0%) |
		[      1.6:      1.8)  0 ( 0.0%) |
		[      1.8:        2)  0 ( 0.0%) |
	Output Pin Usage:
		Max: 1.00 (1.00)
		Avg: 0.23 (0.23)
		Min: 0.00 (0.00)
		Histogram:
		[        0:      0.1) 63 (76.8%) |************************************************
		[      0.1:      0.2)  0 ( 0.0%) |
		[      0.2:      0.3)  0 ( 0.0%) |
		[      0.3:      0.4)  0 ( 0.0%) |
		[      0.4:      0.5)  0 ( 0.0%) |
		[      0.5:      0.6)  0 ( 0.0%) |
		[      0.6:      0.7)  0 ( 0.0%) |
		[      0.7:      0.8)  0 ( 0.0%) |
		[      0.8:      0.9)  0 ( 0.0%) |
		[      0.9:        1) 19 (23.2%) |**************

Type: BLK-TL-CLBL
	Input Pin Usage:
		Max: 61.00 (0.85)
		Avg: 25.13 (0.35)
		Min: 1.00 (0.01)
		Histogram:
		[        0:      7.2)    4 ( 0.2%) |
		[      7.2:       14) 1047 (45.2%) |**********************************************
		[       14:       22)  219 ( 9.5%) |**********
		[       22:       29)   63 ( 2.7%) |***
		[       29:       36)  108 ( 4.7%) |*****
		[       36:       43)  252 (10.9%) |***********
		[       43:       50)  346 (14.9%) |***************
		[       50:       58)  267 (11.5%) |************
		[       58:       65)    9 ( 0.4%) |
		[       65:       72)    0 ( 0.0%) |
	Output Pin Usage:
		Max: 24.00 (0.92)
		Avg: 8.80 (0.34)
		Min: 1.00 (0.04)
		Histogram:
		[        0:      2.6) 1044 (45.1%) |**********************************************
		[      2.6:      5.2)   17 ( 0.7%) |*
		[      5.2:      7.8)    8 ( 0.3%) |
		[      7.8:       10)   92 ( 4.0%) |****
		[       10:       13)  442 (19.1%) |*******************
		[       13:       16)  252 (10.9%) |***********
		[       16:       18)  356 (15.4%) |****************
		[       18:       21)   39 ( 1.7%) |**
		[       21:       23)   36 ( 1.6%) |**
		[       23:       26)   29 ( 1.3%) |*

Type: DSP_slicel
	Input Pin Usage:
		Max: 534.00 (0.87)
		Avg: 522.09 (0.85)
		Min: 265.00 (0.43)
		Histogram:
		[        0:       62)  0 ( 0.0%) |
		[       62:  1.2e+02)  0 ( 0.0%) |
		[  1.2e+02:  1.8e+02)  0 ( 0.0%) |
		[  1.8e+02:  2.5e+02)  0 ( 0.0%) |
		[  2.5e+02:  3.1e+02)  1 ( 3.0%) |**
		[  3.1e+02:  3.7e+02)  0 ( 0.0%) |
		[  3.7e+02:  4.3e+02)  0 ( 0.0%) |
		[  4.3e+02:  4.9e+02)  0 ( 0.0%) |
		[  4.9e+02:  5.5e+02) 32 (97.0%) |************************************************
		[  5.5e+02:  6.2e+02)  0 ( 0.0%) |
	Output Pin Usage:
		Max: 32.00 (0.09)
		Avg: 31.52 (0.09)
		Min: 16.00 (0.05)
		Histogram:
		[        0:       35) 33 (100.0%) |************************************************
		[       35:       70)  0 ( 0.0%) |
		[       70:    1e+02)  0 ( 0.0%) |
		[    1e+02:  1.4e+02)  0 ( 0.0%) |
		[  1.4e+02:  1.8e+02)  0 ( 0.0%) |
		[  1.8e+02:  2.1e+02)  0 ( 0.0%) |
		[  2.1e+02:  2.4e+02)  0 ( 0.0%) |
		[  2.4e+02:  2.8e+02)  0 ( 0.0%) |
		[  2.8e+02:  3.2e+02)  0 ( 0.0%) |
		[  3.2e+02:  3.5e+02)  0 ( 0.0%) |

Type: RAM
	Input Pin Usage:
		Max: 166.00 (0.35)
		Avg: 165.30 (0.35)
		Min: 83.00 (0.18)
		Histogram:
		[        0:       47)   0 ( 0.0%) |
		[       47:       95)   2 ( 0.8%) |
		[       95:  1.4e+02)   0 ( 0.0%) |
		[  1.4e+02:  1.9e+02) 236 (99.2%) |***********************************************
		[  1.9e+02:  2.4e+02)   0 ( 0.0%) |
		[  2.4e+02:  2.8e+02)   0 ( 0.0%) |
		[  2.8e+02:  3.3e+02)   0 ( 0.0%) |
		[  3.3e+02:  3.8e+02)   0 ( 0.0%) |
		[  3.8e+02:  4.3e+02)   0 ( 0.0%) |
		[  4.3e+02:  4.7e+02)   0 ( 0.0%) |
	Output Pin Usage:
		Max: 16.00 (0.05)
		Avg: 14.15 (0.05)
		Min: 3.00 (0.01)
		Histogram:
		[        0:       31) 238 (100.0%) |***********************************************
		[       31:       62)   0 ( 0.0%) |
		[       62:       93)   0 ( 0.0%) |
		[       93:  1.2e+02)   0 ( 0.0%) |
		[  1.2e+02:  1.5e+02)   0 ( 0.0%) |
		[  1.5e+02:  1.9e+02)   0 ( 0.0%) |
		[  1.9e+02:  2.2e+02)   0 ( 0.0%) |
		[  2.2e+02:  2.5e+02)   0 ( 0.0%) |
		[  2.5e+02:  2.8e+02)   0 ( 0.0%) |
		[  2.8e+02:  3.1e+02)   0 ( 0.0%) |

