#Packing pin usage report
Type: IOB
	Input Pin Usage:
		Max: 1.00 (0.50)
		Avg: 0.15 (0.08)
		Min: 0.00 (0.00)
		Histogram:
		[        0:      0.2) 196 (84.8%) |***********************************************
		[      0.2:      0.4)   0 ( 0.0%) |
		[      0.4:      0.6)   0 ( 0.0%) |
		[      0.6:      0.8)   0 ( 0.0%) |
		[      0.8:        1)  35 (15.2%) |********
		[        1:      1.2)   0 ( 0.0%) |
		[      1.2:      1.4)   0 ( 0.0%) |
		[      1.4:      1.6)   0 ( 0.0%) |
		[      1.6:      1.8)   0 ( 0.0%) |
		[      1.8:        2)   0 ( 0.0%) |
	Output Pin Usage:
		Max: 1.00 (1.00)
		Avg: 0.85 (0.85)
		Min: 0.00 (0.00)
		Histogram:
		[        0:      0.1)  35 (15.2%) |********
		[      0.1:      0.2)   0 ( 0.0%) |
		[      0.2:      0.3)   0 ( 0.0%) |
		[      0.3:      0.4)   0 ( 0.0%) |
		[      0.4:      0.5)   0 ( 0.0%) |
		[      0.5:      0.6)   0 ( 0.0%) |
		[      0.6:      0.7)   0 ( 0.0%) |
		[      0.7:      0.8)   0 ( 0.0%) |
		[      0.8:      0.9)   0 ( 0.0%) |
		[      0.9:        1) 196 (84.8%) |***********************************************

Type: BLK-TL-CLBL
	Input Pin Usage:
		Max: 56.00 (0.78)
		Avg: 29.03 (0.40)
		Min: 2.00 (0.03)
		Histogram:
		[        0:      7.2)   971 ( 1.4%) |*
		[      7.2:       14) 34184 (47.6%) |*********************************************
		[       14:       22)  1129 ( 1.6%) |*
		[       22:       29)  1231 ( 1.7%) |**
		[       29:       36)  1639 ( 2.3%) |**
		[       36:       43)  2162 ( 3.0%) |***
		[       43:       50)  7973 (11.1%) |**********
		[       50:       58) 22543 (31.4%) |******************************
		[       58:       65)     0 ( 0.0%) |
		[       65:       72)     0 ( 0.0%) |
	Output Pin Usage:
		Max: 21.00 (0.81)
		Avg: 7.84 (0.30)
		Min: 1.00 (0.04)
		Histogram:
		[        0:      2.6)  1170 ( 1.6%) |**
		[      2.6:      5.2) 33229 (46.3%) |*********************************************
		[      5.2:      7.8)  1400 ( 1.9%) |**
		[      7.8:       10)  6298 ( 8.8%) |*********
		[       10:       13) 25841 (36.0%) |***********************************
		[       13:       16)  1655 ( 2.3%) |**
		[       16:       18)  2227 ( 3.1%) |***
		[       18:       21)    11 ( 0.0%) |
		[       21:       23)     1 ( 0.0%) |
		[       23:       26)     0 ( 0.0%) |

Type: DSP_slicel
	Input Pin Usage:
		Max: 134.00 (0.22)
		Avg: 102.00 (0.17)
		Min: 38.00 (0.06)
		Histogram:
		[        0:       62)  42 (19.4%) |*****************
		[       62:  1.2e+02)  60 (27.8%) |*************************
		[  1.2e+02:  1.8e+02) 114 (52.8%) |***********************************************
		[  1.8e+02:  2.5e+02)   0 ( 0.0%) |
		[  2.5e+02:  3.1e+02)   0 ( 0.0%) |
		[  3.1e+02:  3.7e+02)   0 ( 0.0%) |
		[  3.7e+02:  4.3e+02)   0 ( 0.0%) |
		[  4.3e+02:  4.9e+02)   0 ( 0.0%) |
		[  4.9e+02:  5.5e+02)   0 ( 0.0%) |
		[  5.5e+02:  6.2e+02)   0 ( 0.0%) |
	Output Pin Usage:
		Max: 96.00 (0.27)
		Avg: 80.00 (0.23)
		Min: 48.00 (0.14)
		Histogram:
		[        0:       35)   0 ( 0.0%) |
		[       35:       70)  30 (13.9%) |********
		[       70:    1e+02) 186 (86.1%) |***********************************************
		[    1e+02:  1.4e+02)   0 ( 0.0%) |
		[  1.4e+02:  1.8e+02)   0 ( 0.0%) |
		[  1.8e+02:  2.1e+02)   0 ( 0.0%) |
		[  2.1e+02:  2.4e+02)   0 ( 0.0%) |
		[  2.4e+02:  2.8e+02)   0 ( 0.0%) |
		[  2.8e+02:  3.2e+02)   0 ( 0.0%) |
		[  3.2e+02:  3.5e+02)   0 ( 0.0%) |

Type: RAM
	Input Pin Usage:
		Max: 49.00 (0.10)
		Avg: 49.00 (0.10)
		Min: 49.00 (0.10)
		Histogram:
		[        0:       47)  0 ( 0.0%) |
		[       47:       95) 12 (100.0%) |************************************************
		[       95:  1.4e+02)  0 ( 0.0%) |
		[  1.4e+02:  1.9e+02)  0 ( 0.0%) |
		[  1.9e+02:  2.4e+02)  0 ( 0.0%) |
		[  2.4e+02:  2.8e+02)  0 ( 0.0%) |
		[  2.8e+02:  3.3e+02)  0 ( 0.0%) |
		[  3.3e+02:  3.8e+02)  0 ( 0.0%) |
		[  3.8e+02:  4.3e+02)  0 ( 0.0%) |
		[  4.3e+02:  4.7e+02)  0 ( 0.0%) |
	Output Pin Usage:
		Max: 4.00 (0.01)
		Avg: 4.00 (0.01)
		Min: 4.00 (0.01)
		Histogram:
		[        0:       31) 12 (100.0%) |************************************************
		[       31:       62)  0 ( 0.0%) |
		[       62:       93)  0 ( 0.0%) |
		[       93:  1.2e+02)  0 ( 0.0%) |
		[  1.2e+02:  1.5e+02)  0 ( 0.0%) |
		[  1.5e+02:  1.9e+02)  0 ( 0.0%) |
		[  1.9e+02:  2.2e+02)  0 ( 0.0%) |
		[  2.2e+02:  2.5e+02)  0 ( 0.0%) |
		[  2.5e+02:  2.8e+02)  0 ( 0.0%) |
		[  2.8e+02:  3.1e+02)  0 ( 0.0%) |

