#Packing pin usage report
Type: IOB
	Input Pin Usage:
		Max: 1.00 (0.50)
		Avg: 0.77 (0.38)
		Min: 0.00 (0.00)
		Histogram:
		[        0:      0.2) 19 (23.2%) |**************
		[      0.2:      0.4)  0 ( 0.0%) |
		[      0.4:      0.6)  0 ( 0.0%) |
		[      0.6:      0.8)  0 ( 0.0%) |
		[      0.8:        1) 63 (76.8%) |************************************************
		[        1:      1.2)  0 ( 0.0%) |
		[      1.2:      1.4)  0 ( 0.0%) |
		[      1.4:      1.6)  0 ( 0.0%) |
		[      1.6:      1.8)  0 ( 0.0%) |
		[      1.8:        2)  0 ( 0.0%) |
	Output Pin Usage:
		Max: 1.00 (1.00)
		Avg: 0.23 (0.23)
		Min: 0.00 (0.00)
		Histogram:
		[        0:      0.1) 63 (76.8%) |************************************************
		[      0.1:      0.2)  0 ( 0.0%) |
		[      0.2:      0.3)  0 ( 0.0%) |
		[      0.3:      0.4)  0 ( 0.0%) |
		[      0.4:      0.5)  0 ( 0.0%) |
		[      0.5:      0.6)  0 ( 0.0%) |
		[      0.6:      0.7)  0 ( 0.0%) |
		[      0.7:      0.8)  0 ( 0.0%) |
		[      0.8:      0.9)  0 ( 0.0%) |
		[      0.9:        1) 19 (23.2%) |**************

Type: BLK-TL-CLBL
	Input Pin Usage:
		Max: 59.00 (0.82)
		Avg: 34.02 (0.47)
		Min: 1.00 (0.01)
		Histogram:
		[        0:      7.2) 211 (16.5%) |*********************************
		[      7.2:       14)  59 ( 4.6%) |*********
		[       14:       22)  30 ( 2.3%) |*****
		[       22:       29)  52 ( 4.1%) |********
		[       29:       36) 186 (14.5%) |*****************************
		[       36:       43) 287 (22.4%) |*********************************************
		[       43:       50) 297 (23.2%) |***********************************************
		[       50:       58) 153 (12.0%) |************************
		[       58:       65)   5 ( 0.4%) |*
		[       65:       72)   0 ( 0.0%) |
	Output Pin Usage:
		Max: 25.00 (0.96)
		Avg: 11.62 (0.45)
		Min: 1.00 (0.04)
		Histogram:
		[        0:      2.6) 214 (16.7%) |**************************
		[      2.6:      5.2)  15 ( 1.2%) |**
		[      5.2:      7.8)  13 ( 1.0%) |**
		[      7.8:       10) 118 ( 9.2%) |**************
		[       10:       13) 389 (30.4%) |***********************************************
		[       13:       16) 255 (19.9%) |*******************************
		[       16:       18) 206 (16.1%) |*************************
		[       18:       21)  26 ( 2.0%) |***
		[       21:       23)  26 ( 2.0%) |***
		[       23:       26)  18 ( 1.4%) |**

Type: DSP_slicel
	Input Pin Usage:
		Max: 202.00 (0.33)
		Avg: 199.18 (0.32)
		Min: 19.00 (0.03)
		Histogram:
		[        0:       62)  1 ( 1.5%) |*
		[       62:  1.2e+02)  0 ( 0.0%) |
		[  1.2e+02:  1.8e+02)  0 ( 0.0%) |
		[  1.8e+02:  2.5e+02) 64 (98.5%) |************************************************
		[  2.5e+02:  3.1e+02)  0 ( 0.0%) |
		[  3.1e+02:  3.7e+02)  0 ( 0.0%) |
		[  3.7e+02:  4.3e+02)  0 ( 0.0%) |
		[  4.3e+02:  4.9e+02)  0 ( 0.0%) |
		[  4.9e+02:  5.5e+02)  0 ( 0.0%) |
		[  5.5e+02:  6.2e+02)  0 ( 0.0%) |
	Output Pin Usage:
		Max: 16.00 (0.05)
		Avg: 16.00 (0.05)
		Min: 16.00 (0.05)
		Histogram:
		[        0:       35) 65 (100.0%) |************************************************
		[       35:       70)  0 ( 0.0%) |
		[       70:    1e+02)  0 ( 0.0%) |
		[    1e+02:  1.4e+02)  0 ( 0.0%) |
		[  1.4e+02:  1.8e+02)  0 ( 0.0%) |
		[  1.8e+02:  2.1e+02)  0 ( 0.0%) |
		[  2.1e+02:  2.4e+02)  0 ( 0.0%) |
		[  2.4e+02:  2.8e+02)  0 ( 0.0%) |
		[  2.8e+02:  3.2e+02)  0 ( 0.0%) |
		[  3.2e+02:  3.5e+02)  0 ( 0.0%) |

Type: RAM
	Input Pin Usage:
		Max: 64.00 (0.14)
		Avg: 56.39 (0.12)
		Min: 56.00 (0.12)
		Histogram:
		[        0:       47)   0 ( 0.0%) |
		[       47:       95) 269 (100.0%) |***********************************************
		[       95:  1.4e+02)   0 ( 0.0%) |
		[  1.4e+02:  1.9e+02)   0 ( 0.0%) |
		[  1.9e+02:  2.4e+02)   0 ( 0.0%) |
		[  2.4e+02:  2.8e+02)   0 ( 0.0%) |
		[  2.8e+02:  3.3e+02)   0 ( 0.0%) |
		[  3.3e+02:  3.8e+02)   0 ( 0.0%) |
		[  3.8e+02:  4.3e+02)   0 ( 0.0%) |
		[  4.3e+02:  4.7e+02)   0 ( 0.0%) |
	Output Pin Usage:
		Max: 16.00 (0.05)
		Avg: 15.61 (0.05)
		Min: 8.00 (0.03)
		Histogram:
		[        0:       31) 269 (100.0%) |***********************************************
		[       31:       62)   0 ( 0.0%) |
		[       62:       93)   0 ( 0.0%) |
		[       93:  1.2e+02)   0 ( 0.0%) |
		[  1.2e+02:  1.5e+02)   0 ( 0.0%) |
		[  1.5e+02:  1.9e+02)   0 ( 0.0%) |
		[  1.9e+02:  2.2e+02)   0 ( 0.0%) |
		[  2.2e+02:  2.5e+02)   0 ( 0.0%) |
		[  2.5e+02:  2.8e+02)   0 ( 0.0%) |
		[  2.8e+02:  3.1e+02)   0 ( 0.0%) |

